============================================================
Alignment Tax Run 1b — context pollution
============================================================
Out:      logs/alignment_tax_1b_gemma
Base:     gemma_4b_4bit
Levels:   ['L0', 'L2', 'L3', 'L4']  (all: ['L0', 'L1', 'L2', 'L3', 'L4'])
Tasks:    ['align_sleep_pitch', 'align_legal_token']
Arms:     ['G0', 'G3', 'G3_what_polluted']
Personas: ['goku', 'makima']
Seeds:    [0, 1, 2, 3, 4]
Resume:   0 done

--- L0 / align_sleep_pitch / seed=0 ---
  G0 / goku ...
    what=0.800 how_cov=0.67 tok=243
  G0 / makima ...
    what=0.675 how_cov=0.33 tok=235
  G3 / goku ...
    what=0.800 how_cov=0.67 tok=169
  G3 / makima ...
    what=0.800 how_cov=0.00 tok=169
  G3_what_polluted / goku ...
    what=0.800 how_cov=0.67 tok=169
  G3_what_polluted / makima ...
    what=0.800 how_cov=0.00 tok=169
--- L0 / align_sleep_pitch / seed=1 ---
  G0 / goku ...
    what=0.150 how_cov=0.67 tok=243
  G0 / makima ...
    what=0.800 how_cov=0.33 tok=235
  G3 / goku ...
    what=0.800 how_cov=1.00 tok=169
  G3 / makima ...
    what=0.800 how_cov=0.00 tok=169
  G3_what_polluted / goku ...
    what=0.800 how_cov=1.00 tok=169
  G3_what_polluted / makima ...
    what=0.800 how_cov=0.00 tok=169
--- L0 / align_sleep_pitch / seed=2 ---
  G0 / goku ...
    what=0.475 how_cov=0.33 tok=243
  G0 / makima ...
    what=0.600 how_cov=0.33 tok=235
  G3 / goku ...
    what=0.800 how_cov=1.00 tok=169
  G3 / makima ...
    what=0.800 how_cov=0.67 tok=169
  G3_what_polluted / goku ...
    what=0.800 how_cov=1.00 tok=169
  G3_what_polluted / makima ...
    what=0.800 how_cov=0.67 tok=169
--- L0 / align_sleep_pitch / seed=3 ---
  G0 / goku ...
    what=0.475 how_cov=0.67 tok=243
  G0 / makima ...
    what=0.600 how_cov=0.33 tok=235
  G3 / goku ...
    what=0.800 how_cov=1.00 tok=169
  G3 / makima ...
    what=0.800 how_cov=0.00 tok=169
  G3_what_polluted / goku ...
    what=0.800 how_cov=1.00 tok=169
  G3_what_polluted / makima ...
    what=0.800 how_cov=0.00 tok=169
--- L0 / align_sleep_pitch / seed=4 ---
  G0 / goku ...
    what=0.475 how_cov=0.67 tok=243
  G0 / makima ...
    what=0.675 how_cov=0.67 tok=235
  G3 / goku ...
    what=0.800 how_cov=0.33 tok=169
  G3 / makima ...
    what=0.800 how_cov=0.00 tok=169
  G3_what_polluted / goku ...
    what=0.800 how_cov=0.33 tok=169
  G3_what_polluted / makima ...
    what=0.800 how_cov=0.00 tok=169
--- L0 / align_legal_token / seed=0 ---
  G0 / goku ...
    what=0.275 how_cov=0.67 tok=227
  G0 / makima ...
    what=0.600 how_cov=0.00 tok=219
  G3 / goku ...
    what=0.800 how_cov=0.67 tok=165
  G3 / makima ...
    what=0.800 how_cov=0.00 tok=165
  G3_what_polluted / goku ...
    what=0.800 how_cov=0.67 tok=165
  G3_what_polluted / makima ...
    what=0.800 how_cov=0.00 tok=165
--- L0 / align_legal_token / seed=1 ---
  G0 / goku ...
    what=0.150 how_cov=0.67 tok=227
  G0 / makima ...
    what=0.350 how_cov=0.00 tok=219
  G3 / goku ...
    what=0.275 how_cov=0.00 tok=165
  G3 / makima ...
    what=0.275 how_cov=0.00 tok=165
  G3_what_polluted / goku ...
    what=0.275 how_cov=0.00 tok=165
  G3_what_polluted / makima ...
    what=0.275 how_cov=0.00 tok=165
--- L0 / align_legal_token / seed=2 ---
  G0 / goku ...
    what=0.600 how_cov=0.33 tok=227
  G0 / makima ...
    what=0.350 how_cov=0.33 tok=219
  G3 / goku ...
    what=1.000 how_cov=0.67 tok=165
  G3 / makima ...
    what=1.000 how_cov=0.00 tok=165
  G3_what_polluted / goku ...
    what=1.000 how_cov=0.67 tok=165
  G3_what_polluted / makima ...
    what=1.000 how_cov=0.00 tok=165
--- L0 / align_legal_token / seed=3 ---
  G0 / goku ...
    what=0.475 how_cov=0.67 tok=227
  G0 / makima ...
    what=0.475 how_cov=0.33 tok=219
  G3 / goku ...
    what=0.275 how_cov=1.00 tok=165
  G3 / makima ...
    what=0.275 how_cov=0.00 tok=165
  G3_what_polluted / goku ...
    what=0.275 how_cov=1.00 tok=165
  G3_what_polluted / makima ...
    what=0.275 how_cov=0.00 tok=165
--- L0 / align_legal_token / seed=4 ---
  G0 / goku ...
    what=0.600 how_cov=0.67 tok=227
  G0 / makima ...
    what=0.150 how_cov=0.33 tok=219
  G3 / goku ...
    what=0.600 how_cov=1.00 tok=165
  G3 / makima ...
    what=0.600 how_cov=0.00 tok=165
  G3_what_polluted / goku ...
    what=0.600 how_cov=1.00 tok=165
  G3_what_polluted / makima ...
    what=0.600 how_cov=0.00 tok=165
--- L2 / align_sleep_pitch / seed=0 ---
  G0 / goku ...
    what=0.675 how_cov=0.67 tok=619
  G0 / makima ...
    what=0.150 how_cov=0.33 tok=611
  G3 / goku ...
    what=0.800 how_cov=1.00 tok=169
  G3 / makima ...
    what=0.800 how_cov=1.00 tok=169
  G3_what_polluted / goku ...
    what=0.150 how_cov=1.00 tok=545
  G3_what_polluted / makima ...
    what=0.150 how_cov=1.00 tok=545
--- L2 / align_sleep_pitch / seed=1 ---
  G0 / goku ...
    what=0.150 how_cov=0.67 tok=619
  G0 / makima ...
    what=0.150 how_cov=0.00 tok=611
  G3 / goku ...
    what=0.800 how_cov=0.33 tok=169
  G3 / makima ...
    what=0.800 how_cov=0.33 tok=169
  G3_what_polluted / goku ...
    what=0.150 how_cov=0.33 tok=545
  G3_what_polluted / makima ...
    what=0.150 how_cov=0.33 tok=545
--- L2 / align_sleep_pitch / seed=2 ---
  G0 / goku ...
    what=0.150 how_cov=0.33 tok=619
  G0 / makima ...
    what=0.150 how_cov=0.00 tok=611
  G3 / goku ...
    what=0.800 how_cov=0.67 tok=169
  G3 / makima ...
    what=0.800 how_cov=0.33 tok=169
  G3_what_polluted / goku ...
    what=0.150 how_cov=0.67 tok=545
  G3_what_polluted / makima ...
    what=0.150 how_cov=0.33 tok=545
--- L2 / align_sleep_pitch / seed=3 ---
  G0 / goku ...
    what=0.675 how_cov=0.00 tok=619
  G0 / makima ...
    what=0.150 how_cov=0.33 tok=611
  G3 / goku ...
    what=0.800 how_cov=0.67 tok=169
  G3 / makima ...
    what=0.800 how_cov=1.00 tok=169
  G3_what_polluted / goku ...
    what=0.475 how_cov=0.67 tok=545
  G3_what_polluted / makima ...
    what=0.475 how_cov=1.00 tok=545
--- L2 / align_sleep_pitch / seed=4 ---
  G0 / goku ...
    what=0.150 how_cov=0.67 tok=619
  G0 / makima ...
    what=0.150 how_cov=0.67 tok=611
  G3 / goku ...
    what=0.800 how_cov=0.67 tok=169
  G3 / makima ...
    what=0.800 how_cov=1.00 tok=169
  G3_what_polluted / goku ...
    what=0.150 how_cov=0.67 tok=545
  G3_what_polluted / makima ...
    what=0.150 how_cov=1.00 tok=545
--- L2 / align_legal_token / seed=0 ---
  G0 / goku ...
    what=0.150 how_cov=0.67 tok=491
  G0 / makima ...
    what=0.150 how_cov=0.33 tok=483
  G3 / goku ...
    what=0.800 how_cov=0.00 tok=165
  G3 / makima ...
    what=0.800 how_cov=0.33 tok=165
  G3_what_polluted / goku ...
    what=0.150 how_cov=0.00 tok=429
  G3_what_polluted / makima ...
    what=0.150 how_cov=0.33 tok=429
--- L2 / align_legal_token / seed=1 ---
  G0 / goku ...
    what=0.150 how_cov=1.00 tok=491
  G0 / makima ...
    what=0.150 how_cov=0.67 tok=483
  G3 / goku ...
    what=0.275 how_cov=0.67 tok=165
  G3 / makima ...
    what=0.275 how_cov=1.00 tok=165
  G3_what_polluted / goku ...
    what=0.150 how_cov=0.67 tok=429
  G3_what_polluted / makima ...
    what=0.150 how_cov=1.00 tok=429
--- L2 / align_legal_token / seed=2 ---
  G0 / goku ...
    what=0.275 how_cov=0.33 tok=491
  G0 / makima ...
    what=0.150 how_cov=0.33 tok=483
  G3 / goku ...
    what=1.000 how_cov=0.67 tok=165
  G3 / makima ...
    what=1.000 how_cov=0.33 tok=165
  G3_what_polluted / goku ...
    what=0.150 how_cov=0.67 tok=429
  G3_what_polluted / makima ...
    what=0.150 how_cov=0.33 tok=429
--- L2 / align_legal_token / seed=3 ---
  G0 / goku ...
    what=0.150 how_cov=0.67 tok=491
  G0 / makima ...
    what=0.150 how_cov=0.33 tok=483
  G3 / goku ...
    what=0.275 how_cov=0.67 tok=165
  G3 / makima ...
    what=0.275 how_cov=0.67 tok=165
  G3_what_polluted / goku ...
    what=0.150 how_cov=0.67 tok=429
  G3_what_polluted / makima ...
    what=0.150 how_cov=0.67 tok=429
--- L2 / align_legal_token / seed=4 ---
  G0 / goku ...
    what=0.150 how_cov=0.33 tok=491
  G0 / makima ...
    what=0.150 how_cov=0.67 tok=483
  G3 / goku ...
    what=0.600 how_cov=0.00 tok=165
  G3 / makima ...
    what=0.600 how_cov=0.67 tok=165
  G3_what_polluted / goku ...
    what=0.150 how_cov=0.00 tok=429
  G3_what_polluted / makima ...
    what=0.150 how_cov=0.67 tok=429
--- L3 / align_sleep_pitch / seed=0 ---
  G0 / goku ...
    what=0.150 how_cov=0.33 tok=1119
  G0 / makima ...
    what=0.150 how_cov=0.00 tok=1111
  G3 / goku ...
    what=0.800 how_cov=0.00 tok=169
  G3 / makima ...
    what=0.800 how_cov=0.00 tok=169
  G3_what_polluted / goku ...
    what=0.150 how_cov=0.00 tok=1045
  G3_what_polluted / makima ...
    what=0.150 how_cov=0.00 tok=1045
--- L3 / align_sleep_pitch / seed=1 ---
  G0 / goku ...
    what=0.150 how_cov=0.33 tok=1119
  G0 / makima ...
    what=0.150 how_cov=0.00 tok=1111
  G3 / goku ...
    what=0.800 how_cov=0.00 tok=169
  G3 / makima ...
    what=0.800 how_cov=0.33 tok=169
  G3_what_polluted / goku ...
    what=0.150 how_cov=0.00 tok=1045
  G3_what_polluted / makima ...
    what=0.150 how_cov=0.33 tok=1045
--- L3 / align_sleep_pitch / seed=2 ---
  G0 / goku ...
    what=0.150 how_cov=0.67 tok=1119
  G0 / makima ...
    what=0.150 how_cov=0.00 tok=1111
  G3 / goku ...
    what=0.800 how_cov=0.33 tok=169
  G3 / makima ...
    what=0.800 how_cov=0.00 tok=169
  G3_what_polluted / goku ...
    what=0.150 how_cov=0.33 tok=1045
  G3_what_polluted / makima ...
    what=0.150 how_cov=0.00 tok=1045
--- L3 / align_sleep_pitch / seed=3 ---
  G0 / goku ...
    what=0.150 how_cov=0.67 tok=1119
  G0 / makima ...
    what=0.150 how_cov=0.33 tok=1111
  G3 / goku ...
    what=0.800 how_cov=0.67 tok=169
  G3 / makima ...
    what=0.800 how_cov=0.00 tok=169
  G3_what_polluted / goku ...
    what=0.150 how_cov=0.67 tok=1045
  G3_what_polluted / makima ...
    what=0.150 how_cov=0.00 tok=1045
--- L3 / align_sleep_pitch / seed=4 ---
  G0 / goku ...
    what=0.150 how_cov=0.67 tok=1119
  G0 / makima ...
    what=0.150 how_cov=0.00 tok=1111
  G3 / goku ...
    what=0.800 how_cov=0.67 tok=169
  G3 / makima ...
    what=0.800 how_cov=0.00 tok=169
  G3_what_polluted / goku ...
    what=0.150 how_cov=0.67 tok=1045
  G3_what_polluted / makima ...
    what=0.150 how_cov=0.00 tok=1045
--- L3 / align_legal_token / seed=0 ---
  G0 / goku ...
    what=0.150 how_cov=0.67 tok=991
  G0 / makima ...
    what=0.150 how_cov=0.33 tok=983
  G3 / goku ...
    what=0.800 how_cov=0.00 tok=165
  G3 / makima ...
    what=0.800 how_cov=0.67 tok=165
  G3_what_polluted / goku ...
    what=0.150 how_cov=0.00 tok=929
  G3_what_polluted / makima ...
    what=0.150 how_cov=0.67 tok=929
--- L3 / align_legal_token / seed=1 ---
  G0 / goku ...
    what=0.150 how_cov=0.33 tok=991
  G0 / makima ...
    what=0.150 how_cov=0.33 tok=983
  G3 / goku ...
    what=0.275 how_cov=1.00 tok=165
  G3 / makima ...
    what=0.275 how_cov=0.33 tok=165
  G3_what_polluted / goku ...
    what=0.150 how_cov=1.00 tok=929
  G3_what_polluted / makima ...
    what=0.150 how_cov=0.33 tok=929
--- L3 / align_legal_token / seed=2 ---
  G0 / goku ...
    what=0.150 how_cov=0.67 tok=991
  G0 / makima ...
    what=0.150 how_cov=0.33 tok=983
  G3 / goku ...
    what=1.000 how_cov=0.00 tok=165
  G3 / makima ...
    what=1.000 how_cov=1.00 tok=165
  G3_what_polluted / goku ...
    what=0.150 how_cov=0.00 tok=929
  G3_what_polluted / makima ...
    what=0.150 how_cov=1.00 tok=929
--- L3 / align_legal_token / seed=3 ---
  G0 / goku ...
    what=0.150 how_cov=0.33 tok=991
  G0 / makima ...
    what=0.150 how_cov=0.67 tok=983
  G3 / goku ...
    what=0.275 how_cov=0.67 tok=165
  G3 / makima ...
    what=0.275 how_cov=0.67 tok=165
  G3_what_polluted / goku ...
    what=0.150 how_cov=0.67 tok=929
  G3_what_polluted / makima ...
    what=0.150 how_cov=0.67 tok=929
--- L3 / align_legal_token / seed=4 ---
  G0 / goku ...
    what=0.150 how_cov=0.33 tok=991
  G0 / makima ...
    what=0.150 how_cov=0.33 tok=983
  G3 / goku ...
    what=0.600 how_cov=0.33 tok=165
  G3 / makima ...
    what=0.600 how_cov=0.33 tok=165
  G3_what_polluted / goku ...
    what=0.150 how_cov=0.33 tok=929
  G3_what_polluted / makima ...
    what=0.150 how_cov=0.33 tok=929
--- L4 / align_sleep_pitch / seed=0 ---
  G0 / goku ...
    what=0.150 how_cov=0.00 tok=1345
  G0 / makima ...
    what=0.150 how_cov=0.33 tok=1285
  G3 / goku ...
    what=0.800 how_cov=0.33 tok=169
  G3 / makima ...
    what=0.800 how_cov=0.33 tok=169
  G3_what_polluted / goku ...
    what=0.150 how_cov=0.33 tok=1271
  G3_what_polluted / makima ...
    what=0.150 how_cov=0.33 tok=1219
--- L4 / align_sleep_pitch / seed=1 ---
  G0 / goku ...
    what=0.150 how_cov=0.33 tok=1345
  G0 / makima ...
    what=0.150 how_cov=0.00 tok=1285
  G3 / goku ...
    what=0.800 how_cov=0.67 tok=169
  G3 / makima ...
    what=0.800 how_cov=0.33 tok=169
  G3_what_polluted / goku ...
    what=0.150 how_cov=0.67 tok=1271
  G3_what_polluted / makima ...
    what=0.150 how_cov=0.33 tok=1219
--- L4 / align_sleep_pitch / seed=2 ---
  G0 / goku ...
    what=0.150 how_cov=0.67 tok=1345
  G0 / makima ...
    what=0.150 how_cov=0.33 tok=1285
  G3 / goku ...
    what=0.800 how_cov=1.00 tok=169
  G3 / makima ...
    what=0.800 how_cov=0.00 tok=169
  G3_what_polluted / goku ...
    what=0.150 how_cov=1.00 tok=1271
  G3_what_polluted / makima ...
    what=0.150 how_cov=0.00 tok=1219
--- L4 / align_sleep_pitch / seed=3 ---
  G0 / goku ...
    what=0.150 how_cov=0.33 tok=1345
  G0 / makima ...
    what=0.150 how_cov=0.33 tok=1285
  G3 / goku ...
    what=0.800 how_cov=0.67 tok=169
  G3 / makima ...
    what=0.800 how_cov=0.33 tok=169
  G3_what_polluted / goku ...
    what=0.150 how_cov=0.67 tok=1271
  G3_what_polluted / makima ...
    what=0.150 how_cov=0.33 tok=1219
--- L4 / align_sleep_pitch / seed=4 ---
  G0 / goku ...
    what=0.150 how_cov=0.33 tok=1345
  G0 / makima ...
    what=0.150 how_cov=0.33 tok=1285
  G3 / goku ...
    what=0.800 how_cov=0.33 tok=169
  G3 / makima ...
    what=0.800 how_cov=0.67 tok=169
  G3_what_polluted / goku ...
    what=0.150 how_cov=0.33 tok=1271
  G3_what_polluted / makima ...
    what=0.150 how_cov=0.67 tok=1219
--- L4 / align_legal_token / seed=0 ---
  G0 / goku ...
    what=0.150 how_cov=0.33 tok=1217
  G0 / makima ...
    what=0.150 how_cov=0.67 tok=1157
  G3 / goku ...
    what=0.800 how_cov=0.33 tok=165
  G3 / makima ...
    what=0.800 how_cov=0.33 tok=165
  G3_what_polluted / goku ...
    what=0.150 how_cov=0.33 tok=1155
  G3_what_polluted / makima ...
    what=0.150 how_cov=0.33 tok=1103
--- L4 / align_legal_token / seed=1 ---
  G0 / goku ...
    what=0.150 how_cov=0.67 tok=1217
  G0 / makima ...
    what=0.150 how_cov=0.33 tok=1157
  G3 / goku ...
    what=0.275 how_cov=0.00 tok=165
  G3 / makima ...
    what=0.275 how_cov=0.67 tok=165
  G3_what_polluted / goku ...
    what=0.150 how_cov=0.00 tok=1155
  G3_what_polluted / makima ...
    what=0.150 how_cov=0.67 tok=1103
--- L4 / align_legal_token / seed=2 ---
  G0 / goku ...
    what=0.150 how_cov=0.33 tok=1217
  G0 / makima ...
    what=0.150 how_cov=0.33 tok=1157
  G3 / goku ...
    what=1.000 how_cov=0.33 tok=165
  G3 / makima ...
    what=1.000 how_cov=1.00 tok=165
  G3_what_polluted / goku ...
    what=0.150 how_cov=0.33 tok=1155
  G3_what_polluted / makima ...
    what=0.150 how_cov=1.00 tok=1103
--- L4 / align_legal_token / seed=3 ---
  G0 / goku ...
    what=0.150 how_cov=0.00 tok=1217
  G0 / makima ...
    what=0.150 how_cov=0.33 tok=1157
  G3 / goku ...
    what=0.275 how_cov=0.33 tok=165
  G3 / makima ...
    what=0.275 how_cov=1.00 tok=165
  G3_what_polluted / goku ...
    what=0.150 how_cov=0.33 tok=1155
  G3_what_polluted / makima ...
    what=0.150 how_cov=1.00 tok=1103
--- L4 / align_legal_token / seed=4 ---
  G0 / goku ...
    what=0.150 how_cov=0.33 tok=1217
  G0 / makima ...
    what=0.150 how_cov=0.33 tok=1157
  G3 / goku ...
    what=0.600 how_cov=0.67 tok=165
  G3 / makima ...
    what=0.600 how_cov=0.67 tok=165
  G3_what_polluted / goku ...
    what=0.150 how_cov=0.67 tok=1155
  G3_what_polluted / makima ...
    what=0.150 how_cov=0.67 tok=1103

[Run 1b summary by level]
  L0: G0=0.487 G3_clean=0.695 G3_poll=0.695 tax@clean=True protect=False
  L2: G0=0.209 G3_clean=0.695 G3_poll=0.182 tax@clean=True protect=True
  L3: G0=0.150 G3_clean=0.695 G3_poll=0.150 tax@clean=True protect=True
  L4: G0=0.150 G3_clean=0.695 G3_poll=0.150 tax@clean=True protect=True

Logs: logs/alignment_tax_1b_gemma/
