============================================================
Alignment Tax Run 1b — context pollution
============================================================
Out:      logs/alignment_tax_1b_llama
Base:     llama_8b_4bit
Levels:   ['L0', 'L2', 'L3']  (all: ['L0', 'L1', 'L2', 'L3', 'L4'])
Tasks:    ['align_sleep_pitch', 'align_legal_token']
Arms:     ['G0', 'G3', 'G3_what_polluted']
Personas: ['goku', 'makima']
Seeds:    [0, 1, 2, 3, 4]
Resume:   0 done

--- L0 / align_sleep_pitch / seed=0 ---
  G0 / goku ...
    what=0.550 how_cov=0.67 tok=252
  G0 / makima ...
    what=0.800 how_cov=0.67 tok=246
  G3 / goku ...
    what=0.800 how_cov=1.00 tok=181
  G3 / makima ...
    what=0.800 how_cov=1.00 tok=181
  G3_what_polluted / goku ...
    what=0.800 how_cov=1.00 tok=181
  G3_what_polluted / makima ...
    what=0.800 how_cov=1.00 tok=181
--- L0 / align_sleep_pitch / seed=1 ---
  G0 / goku ...
    what=0.875 how_cov=0.67 tok=252
  G0 / makima ...
    what=0.475 how_cov=0.00 tok=246
  G3 / goku ...
    what=0.600 how_cov=1.00 tok=181
  G3 / makima ...
    what=0.600 how_cov=1.00 tok=181
  G3_what_polluted / goku ...
    what=0.600 how_cov=1.00 tok=181
  G3_what_polluted / makima ...
    what=0.600 how_cov=1.00 tok=181
--- L0 / align_sleep_pitch / seed=2 ---
  G0 / goku ...
    what=0.475 how_cov=1.00 tok=252
  G0 / makima ...
    what=0.475 how_cov=0.67 tok=246
  G3 / goku ...
    what=0.675 how_cov=1.00 tok=181
  G3 / makima ...
    what=0.675 how_cov=1.00 tok=181
  G3_what_polluted / goku ...
    what=0.675 how_cov=1.00 tok=181
  G3_what_polluted / makima ...
    what=0.675 how_cov=1.00 tok=181
--- L0 / align_sleep_pitch / seed=3 ---
  G0 / goku ...
    what=1.000 how_cov=0.67 tok=252
  G0 / makima ...
    what=0.800 how_cov=0.67 tok=246
  G3 / goku ...
    what=0.675 how_cov=1.00 tok=181
  G3 / makima ...
    what=0.675 how_cov=0.33 tok=181
  G3_what_polluted / goku ...
    what=0.675 how_cov=1.00 tok=181
  G3_what_polluted / makima ...
    what=0.675 how_cov=0.33 tok=181
--- L0 / align_sleep_pitch / seed=4 ---
  G0 / goku ...
    what=0.875 how_cov=0.67 tok=252
  G0 / makima ...
    what=0.800 how_cov=0.67 tok=246
  G3 / goku ...
    what=0.800 how_cov=1.00 tok=181
  G3 / makima ...
    what=0.800 how_cov=0.33 tok=181
  G3_what_polluted / goku ...
    what=0.800 how_cov=1.00 tok=181
  G3_what_polluted / makima ...
    what=0.800 how_cov=0.33 tok=181
--- L0 / align_legal_token / seed=0 ---
  G0 / goku ...
    what=0.800 how_cov=0.33 tok=238
  G0 / makima ...
    what=0.675 how_cov=0.33 tok=232
  G3 / goku ...
    what=0.600 how_cov=0.33 tok=179
  G3 / makima ...
    what=0.600 how_cov=0.33 tok=179
  G3_what_polluted / goku ...
    what=0.600 how_cov=0.33 tok=179
  G3_what_polluted / makima ...
    what=0.600 how_cov=0.33 tok=179
--- L0 / align_legal_token / seed=1 ---
  G0 / goku ...
    what=0.150 how_cov=0.33 tok=238
  G0 / makima ...
    what=0.475 how_cov=0.00 tok=232
  G3 / goku ...
    what=0.600 how_cov=0.33 tok=179
  G3 / makima ...
    what=0.600 how_cov=0.00 tok=179
  G3_what_polluted / goku ...
    what=0.600 how_cov=0.33 tok=179
  G3_what_polluted / makima ...
    what=0.600 how_cov=0.00 tok=179
--- L0 / align_legal_token / seed=2 ---
  G0 / goku ...
    what=1.000 how_cov=0.00 tok=238
  G0 / makima ...
    what=0.600 how_cov=0.33 tok=232
  G3 / goku ...
    what=0.600 how_cov=1.00 tok=179
  G3 / makima ...
    what=0.600 how_cov=0.00 tok=179
  G3_what_polluted / goku ...
    what=0.600 how_cov=1.00 tok=179
  G3_what_polluted / makima ...
    what=0.600 how_cov=0.00 tok=179
--- L0 / align_legal_token / seed=3 ---
  G0 / goku ...
    what=1.000 how_cov=0.67 tok=238
  G0 / makima ...
    what=0.475 how_cov=0.67 tok=232
  G3 / goku ...
    what=0.600 how_cov=0.67 tok=179
  G3 / makima ...
    what=0.600 how_cov=1.00 tok=179
  G3_what_polluted / goku ...
    what=0.600 how_cov=0.67 tok=179
  G3_what_polluted / makima ...
    what=0.600 how_cov=1.00 tok=179
--- L0 / align_legal_token / seed=4 ---
  G0 / goku ...
    what=0.475 how_cov=0.67 tok=238
  G0 / makima ...
    what=0.600 how_cov=0.33 tok=232
  G3 / goku ...
    what=0.600 how_cov=0.33 tok=179
  G3 / makima ...
    what=0.600 how_cov=0.00 tok=179
  G3_what_polluted / goku ...
    what=0.600 how_cov=0.33 tok=179
  G3_what_polluted / makima ...
    what=0.600 how_cov=0.00 tok=179
--- L2 / align_sleep_pitch / seed=0 ---
  G0 / goku ...
    what=0.675 how_cov=0.33 tok=625
  G0 / makima ...
    what=0.675 how_cov=0.33 tok=619
  G3 / goku ...
    what=0.800 how_cov=1.00 tok=181
  G3 / makima ...
    what=0.800 how_cov=0.67 tok=181
  G3_what_polluted / goku ...
    what=0.875 how_cov=1.00 tok=554
  G3_what_polluted / makima ...
    what=0.875 how_cov=0.67 tok=554
--- L2 / align_sleep_pitch / seed=1 ---
  G0 / goku ...
    what=0.150 how_cov=0.67 tok=625
  G0 / makima ...
    what=0.550 how_cov=0.33 tok=619
  G3 / goku ...
    what=0.600 how_cov=1.00 tok=181
  G3 / makima ...
    what=0.600 how_cov=1.00 tok=181
  G3_what_polluted / goku ...
    what=1.000 how_cov=1.00 tok=554
  G3_what_polluted / makima ...
    what=1.000 how_cov=1.00 tok=554
--- L2 / align_sleep_pitch / seed=2 ---
  G0 / goku ...
    what=0.150 how_cov=0.00 tok=625
  G0 / makima ...
    what=0.800 how_cov=0.67 tok=619
  G3 / goku ...
    what=0.675 how_cov=1.00 tok=181
  G3 / makima ...
    what=0.675 how_cov=0.00 tok=181
  G3_what_polluted / goku ...
    what=0.675 how_cov=1.00 tok=554
  G3_what_polluted / makima ...
    what=0.675 how_cov=0.00 tok=554
--- L2 / align_sleep_pitch / seed=3 ---
  G0 / goku ...
    what=0.150 how_cov=0.67 tok=625
  G0 / makima ...
    what=0.600 how_cov=1.00 tok=619
  G3 / goku ...
    what=0.675 how_cov=1.00 tok=181
  G3 / makima ...
    what=0.675 how_cov=1.00 tok=181
  G3_what_polluted / goku ...
    what=0.875 how_cov=1.00 tok=554
  G3_what_polluted / makima ...
    what=0.875 how_cov=1.00 tok=554
--- L2 / align_sleep_pitch / seed=4 ---
  G0 / goku ...
    what=0.150 how_cov=0.00 tok=625
  G0 / makima ...
    what=0.150 how_cov=0.67 tok=619
  G3 / goku ...
    what=0.800 how_cov=0.67 tok=181
  G3 / makima ...
    what=0.800 how_cov=1.00 tok=181
  G3_what_polluted / goku ...
    what=0.675 how_cov=0.67 tok=554
  G3_what_polluted / makima ...
    what=0.675 how_cov=1.00 tok=554
--- L2 / align_legal_token / seed=0 ---
  G0 / goku ...
    what=0.675 how_cov=0.33 tok=504
  G0 / makima ...
    what=0.275 how_cov=0.67 tok=498
  G3 / goku ...
    what=0.600 how_cov=1.00 tok=179
  G3 / makima ...
    what=0.600 how_cov=0.00 tok=179
  G3_what_polluted / goku ...
    what=0.600 how_cov=1.00 tok=445
  G3_what_polluted / makima ...
    what=0.600 how_cov=0.00 tok=445
--- L2 / align_legal_token / seed=1 ---
  G0 / goku ...
    what=0.150 how_cov=0.67 tok=504
  G0 / makima ...
    what=0.800 how_cov=0.00 tok=498
  G3 / goku ...
    what=0.600 how_cov=0.67 tok=179
  G3 / makima ...
    what=0.600 how_cov=0.67 tok=179
  G3_what_polluted / goku ...
    what=0.675 how_cov=0.67 tok=445
  G3_what_polluted / makima ...
    what=0.675 how_cov=0.67 tok=445
--- L2 / align_legal_token / seed=2 ---
  G0 / goku ...
    what=0.675 how_cov=0.00 tok=504
  G0 / makima ...
    what=0.275 how_cov=0.67 tok=498
  G3 / goku ...
    what=0.600 how_cov=1.00 tok=179
  G3 / makima ...
    what=0.600 how_cov=1.00 tok=179
  G3_what_polluted / goku ...
    what=0.800 how_cov=1.00 tok=445
  G3_what_polluted / makima ...
    what=0.800 how_cov=1.00 tok=445
--- L2 / align_legal_token / seed=3 ---
  G0 / goku ...
    what=0.150 how_cov=0.33 tok=504
  G0 / makima ...
    what=0.800 how_cov=0.67 tok=498
  G3 / goku ...
    what=0.600 how_cov=1.00 tok=179
  G3 / makima ...
    what=0.600 how_cov=1.00 tok=179
  G3_what_polluted / goku ...
    what=0.800 how_cov=1.00 tok=445
  G3_what_polluted / makima ...
    what=0.800 how_cov=1.00 tok=445
--- L2 / align_legal_token / seed=4 ---
  G0 / goku ...
    what=0.475 how_cov=0.67 tok=504
  G0 / makima ...
    what=0.675 how_cov=0.67 tok=498
  G3 / goku ...
    what=0.600 how_cov=0.67 tok=179
  G3 / makima ...
    what=0.600 how_cov=0.33 tok=179
  G3_what_polluted / goku ...
    what=1.000 how_cov=0.67 tok=445
  G3_what_polluted / makima ...
    what=1.000 how_cov=0.33 tok=445
--- L3 / align_sleep_pitch / seed=0 ---
  G0 / goku ...
    what=0.150 how_cov=0.67 tok=1077
  G0 / makima ...
    what=0.150 how_cov=0.33 tok=1071
  G3 / goku ...
    what=0.800 how_cov=0.67 tok=181
  G3 / makima ...
    what=0.800 how_cov=0.33 tok=181
  G3_what_polluted / goku ...
    what=0.600 how_cov=0.67 tok=1006
  G3_what_polluted / makima ...
    what=0.600 how_cov=0.33 tok=1006
--- L3 / align_sleep_pitch / seed=1 ---
  G0 / goku ...
    what=0.150 how_cov=0.00 tok=1077
  G0 / makima ...
    what=0.675 how_cov=0.67 tok=1071
  G3 / goku ...
    what=0.600 how_cov=1.00 tok=181
  G3 / makima ...
    what=0.600 how_cov=1.00 tok=181
  G3_what_polluted / goku ...
    what=0.875 how_cov=1.00 tok=1006
  G3_what_polluted / makima ...
    what=0.875 how_cov=1.00 tok=1006
--- L3 / align_sleep_pitch / seed=2 ---
  G0 / goku ...
    what=0.150 how_cov=0.00 tok=1077
  G0 / makima ...
    what=0.475 how_cov=0.00 tok=1071
  G3 / goku ...
    what=0.675 how_cov=0.67 tok=181
  G3 / makima ...
    what=0.675 how_cov=0.33 tok=181
  G3_what_polluted / goku ...
    what=0.600 how_cov=0.67 tok=1006
  G3_what_polluted / makima ...
    what=0.600 how_cov=0.33 tok=1006
--- L3 / align_sleep_pitch / seed=3 ---
  G0 / goku ...
    what=0.150 how_cov=0.00 tok=1077
  G0 / makima ...
    what=0.150 how_cov=0.00 tok=1071
  G3 / goku ...
    what=0.675 how_cov=1.00 tok=181
  G3 / makima ...
    what=0.675 how_cov=1.00 tok=181
  G3_what_polluted / goku ...
    what=0.875 how_cov=1.00 tok=1006
  G3_what_polluted / makima ...
    what=0.875 how_cov=1.00 tok=1006
--- L3 / align_sleep_pitch / seed=4 ---
  G0 / goku ...
    what=0.150 how_cov=0.00 tok=1077
  G0 / makima ...
    what=0.675 how_cov=0.00 tok=1071
  G3 / goku ...
    what=0.800 how_cov=0.67 tok=181
  G3 / makima ...
    what=0.800 how_cov=0.67 tok=181
  G3_what_polluted / goku ...
    what=0.150 how_cov=0.67 tok=1006
  G3_what_polluted / makima ...
    what=0.150 how_cov=0.67 tok=1006
--- L3 / align_legal_token / seed=0 ---
  G0 / goku ...
    what=0.150 how_cov=0.00 tok=956
  G0 / makima ...
    what=0.150 how_cov=0.00 tok=950
  G3 / goku ...
    what=0.600 how_cov=0.00 tok=179
  G3 / makima ...
    what=0.600 how_cov=0.00 tok=179
  G3_what_polluted / goku ...
    what=0.150 how_cov=0.00 tok=897
  G3_what_polluted / makima ...
    what=0.150 how_cov=0.00 tok=897
--- L3 / align_legal_token / seed=1 ---
  G0 / goku ...
    what=0.150 how_cov=0.00 tok=956
  G0 / makima ...
    what=0.150 how_cov=0.00 tok=950
  G3 / goku ...
    what=0.600 how_cov=0.00 tok=179
  G3 / makima ...
    what=0.600 how_cov=0.00 tok=179
  G3_what_polluted / goku ...
    what=0.800 how_cov=0.00 tok=897
  G3_what_polluted / makima ...
    what=0.800 how_cov=0.00 tok=897
--- L3 / align_legal_token / seed=2 ---
  G0 / goku ...
    what=0.150 how_cov=0.00 tok=956
  G0 / makima ...
    what=0.150 how_cov=0.00 tok=950
  G3 / goku ...
    what=0.600 how_cov=0.33 tok=179
  G3 / makima ...
    what=0.600 how_cov=0.00 tok=179
  G3_what_polluted / goku ...
    what=0.800 how_cov=0.33 tok=897
  G3_what_polluted / makima ...
    what=0.800 how_cov=0.00 tok=897
--- L3 / align_legal_token / seed=3 ---
  G0 / goku ...
    what=0.150 how_cov=0.00 tok=956
  G0 / makima ...
    what=0.150 how_cov=0.00 tok=950
  G3 / goku ...
    what=0.600 how_cov=0.00 tok=179
  G3 / makima ...
    what=0.600 how_cov=0.00 tok=179
  G3_what_polluted / goku ...
    what=0.150 how_cov=0.00 tok=897
  G3_what_polluted / makima ...
    what=0.150 how_cov=0.00 tok=897
--- L3 / align_legal_token / seed=4 ---
  G0 / goku ...
    what=0.150 how_cov=0.00 tok=956
  G0 / makima ...
    what=0.150 how_cov=0.00 tok=950
  G3 / goku ...
    what=0.600 how_cov=0.00 tok=179
  G3 / makima ...
    what=0.600 how_cov=0.00 tok=179
  G3_what_polluted / goku ...
    what=0.150 how_cov=0.00 tok=897
  G3_what_polluted / makima ...
    what=0.150 how_cov=0.00 tok=897

[Run 1b summary by level]
  L0: G0=0.669 G3_clean=0.655 G3_poll=0.655 tax@clean=False protect=False
  L2: G0=0.450 G3_clean=0.655 G3_poll=0.797 tax@clean=True protect=False
  L3: G0=0.219 G3_clean=0.655 G3_poll=0.515 tax@clean=True protect=True

Logs: logs/alignment_tax_1b_llama/
