============================================================
Alignment Tax Run 1b — context pollution
============================================================
Out:      logs/alignment_tax_1b_llama_l4
Base:     llama_8b_4bit
Levels:   ['L4']  (all: ['L0', 'L1', 'L2', 'L3', 'L4'])
Tasks:    ['align_sleep_pitch', 'align_legal_token']
Arms:     ['G0', 'G3', 'G3_what_polluted']
Personas: ['goku', 'makima']
Seeds:    [0, 1, 2, 3, 4]
Resume:   0 done

--- L4 / align_sleep_pitch / seed=0 ---
  G0 / goku ...
    what=0.150 how_cov=0.67 tok=1291
  G0 / makima ...
    what=0.150 how_cov=0.33 tok=1236
  G3 / goku ...
    what=0.800 how_cov=1.00 tok=181
  G3 / makima ...
    what=0.800 how_cov=0.67 tok=181
  G3_what_polluted / goku ...
    what=0.675 how_cov=1.00 tok=1220
  G3_what_polluted / makima ...
    what=0.800 how_cov=0.67 tok=1171
--- L4 / align_sleep_pitch / seed=1 ---
  G0 / goku ...
    what=0.150 how_cov=1.00 tok=1291
  G0 / makima ...
    what=0.150 how_cov=0.67 tok=1236
  G3 / goku ...
    what=0.600 how_cov=0.67 tok=181
  G3 / makima ...
    what=0.600 how_cov=0.67 tok=181
  G3_what_polluted / goku ...
    what=0.150 how_cov=0.67 tok=1220
  G3_what_polluted / makima ...
    what=0.800 how_cov=0.67 tok=1171
--- L4 / align_sleep_pitch / seed=2 ---
  G0 / goku ...
    what=0.150 how_cov=0.00 tok=1291
  G0 / makima ...
    what=0.150 how_cov=0.00 tok=1236
  G3 / goku ...
    what=0.675 how_cov=0.33 tok=181
  G3 / makima ...
    what=0.675 how_cov=1.00 tok=181
  G3_what_polluted / goku ...
    what=0.150 how_cov=0.33 tok=1220
  G3_what_polluted / makima ...
    what=0.800 how_cov=1.00 tok=1171
--- L4 / align_sleep_pitch / seed=3 ---
  G0 / goku ...
    what=0.150 how_cov=0.00 tok=1291
  G0 / makima ...
    what=0.150 how_cov=0.00 tok=1236
  G3 / goku ...
    what=0.675 how_cov=0.67 tok=181
  G3 / makima ...
    what=0.675 how_cov=0.67 tok=181
  G3_what_polluted / goku ...
    what=0.150 how_cov=0.67 tok=1220
  G3_what_polluted / makima ...
    what=0.600 how_cov=0.67 tok=1171
--- L4 / align_sleep_pitch / seed=4 ---
  G0 / goku ...
    what=0.150 how_cov=0.00 tok=1291
  G0 / makima ...
    what=0.150 how_cov=0.00 tok=1236
  G3 / goku ...
    what=0.800 how_cov=0.67 tok=181
  G3 / makima ...
    what=0.800 how_cov=1.00 tok=181
  G3_what_polluted / goku ...
    what=0.800 how_cov=0.67 tok=1220
  G3_what_polluted / makima ...
    what=0.800 how_cov=1.00 tok=1171
--- L4 / align_legal_token / seed=0 ---
  G0 / goku ...
    what=0.150 how_cov=0.00 tok=1170
  G0 / makima ...
    what=0.150 how_cov=0.67 tok=1115
  G3 / goku ...
    what=0.600 how_cov=0.67 tok=179
  G3 / makima ...
    what=0.600 how_cov=0.00 tok=179
  G3_what_polluted / goku ...
    what=0.800 how_cov=0.67 tok=1111
  G3_what_polluted / makima ...
    what=0.275 how_cov=0.00 tok=1062
--- L4 / align_legal_token / seed=1 ---
  G0 / goku ...
    what=0.150 how_cov=0.00 tok=1170
  G0 / makima ...
    what=0.150 how_cov=0.00 tok=1115
  G3 / goku ...
    what=0.600 how_cov=0.67 tok=179
  G3 / makima ...
    what=0.600 how_cov=0.33 tok=179
  G3_what_polluted / goku ...
    what=0.800 how_cov=0.67 tok=1111
  G3_what_polluted / makima ...
    what=0.800 how_cov=0.33 tok=1062
--- L4 / align_legal_token / seed=2 ---
  G0 / goku ...
    what=0.150 how_cov=0.00 tok=1170
  G0 / makima ...
    what=0.150 how_cov=0.00 tok=1115
  G3 / goku ...
    what=0.600 how_cov=1.00 tok=179
  G3 / makima ...
    what=0.600 how_cov=0.00 tok=179
  G3_what_polluted / goku ...
    what=1.000 how_cov=1.00 tok=1111
  G3_what_polluted / makima ...
    what=0.800 how_cov=0.00 tok=1062
--- L4 / align_legal_token / seed=3 ---
  G0 / goku ...
    what=0.150 how_cov=0.00 tok=1170
  G0 / makima ...
    what=0.150 how_cov=0.00 tok=1115
  G3 / goku ...
    what=0.600 how_cov=0.33 tok=179
  G3 / makima ...
    what=0.600 how_cov=0.00 tok=179
  G3_what_polluted / goku ...
    what=0.600 how_cov=0.33 tok=1111
  G3_what_polluted / makima ...
    what=0.800 how_cov=0.00 tok=1062
--- L4 / align_legal_token / seed=4 ---
  G0 / goku ...
    what=0.150 how_cov=0.00 tok=1170
  G0 / makima ...
    what=0.150 how_cov=0.00 tok=1115
  G3 / goku ...
    what=0.600 how_cov=1.00 tok=179
  G3 / makima ...
    what=0.600 how_cov=0.67 tok=179
  G3_what_polluted / goku ...
    what=0.800 how_cov=1.00 tok=1111
  G3_what_polluted / makima ...
    what=0.600 how_cov=0.67 tok=1062

[Run 1b summary by level]
  L4: G0=0.150 G3_clean=0.655 G3_poll=0.650 tax@clean=True protect=True

Logs: logs/alignment_tax_1b_llama_l4/
